<html>
<body>
<pre>
<h1>µVision Build Log</h1>
<h2>Tool Versions:</h2>
IDE-Version: ¶ÃVision V5.20.0.0
Copyright (C) 2016 ARM Ltd and ARM Germany GmbH. All rights reserved.
License Information: 22 22, 22, LIC=IK1CX-HYVJV-KPSZY-I5TST-5NI0K-BKAB4
 
Tool Versions:
Toolchain:       MDK-ARM Plus  Version: 5.20
Toolchain Path:  D:\weikong\ARM\ARMCC\Bin
C Compiler:      Armcc.exe V5.06 update 2 (build 183)
Assembler:       Armasm.exe V5.06 update 2 (build 183)
Linker/Locator:  ArmLink.exe V5.06 update 2 (build 183)
Library Manager: ArmAr.exe V5.06 update 2 (build 183)
Hex Converter:   FromElf.exe V5.06 update 2 (build 183)
CPU DLL:         SARMCM3.DLL V5.20
Dialog DLL:      DARMCM1.DLL V1.14.0.0
Target DLL:      Segger\JL2CM3.dll V2.99.20.0
Dialog DLL:      TARMCM1.DLL V1.10.0.0
 
<h2>Project:</h2>
C:\Users\lenovo\Desktop\Œ∫·À+Í√ˆŒ≤©\Œ¬∂»ºÏ≤‚2.uvprojx
Project File Date:  06/11/2017

<h2>Output:</h2>
*** Using Compiler 'V5.06 update 2 (build 183)', folder: 'D:\weikong\ARM\ARMCC\Bin'
Rebuild target 'Target 1'
compiling adc.c...
compiling Delay.c...
compiling LED.c...
LED.c(54): warning:  #1-D: last line of file ends without a newline
  }
LED.c: 1 warning, 0 errors
compiling main.c...
key.h(12): warning:  #1-D: last line of file ends without a newline
  void Delay(uint32_t ulTime);
main.c(20): warning:  #177-D: variable "i" was declared but never referenced
      uint32_t  i = 0;                                            
main.c: 2 warnings, 0 errors
compiling uart.c...
compiling buzzer.c...
key.h(12): warning:  #1-D: last line of file ends without a newline
  void Delay(uint32_t ulTime);
buzzer.c: 1 warning, 0 errors
assembling startup_LPC11xx.s...
compiling key.c...
key.h(12): warning:  #1-D: last line of file ends without a newline
  void Delay(uint32_t ulTime);
key.c: 1 warning, 0 errors
compiling Time.c...
key.h(12): warning:  #1-D: last line of file ends without a newline
  void Delay(uint32_t ulTime);
Time.c: 1 warning, 0 errors
compiling system_LPC11xx.c...
linking...
Program Size: Code=3916 RO-data=224 RW-data=84 ZI-data=628  
FromELF: creating hex file...
".\Objects\Œ¬∂»ºÏ≤‚2.axf" - 0 Error(s), 6 Warning(s).

<h2>Software Packages used:</h2>

Package Vendor: ARM
                http://www.keil.com/pack/ARM.CMSIS.4.5.0.pack
                ARM::CMSIS:CORE:4.3.0
                CMSIS (Cortex Microcontroller Software Interface Standard)
   * Component: CORE Version: 4.3.0

Package Vendor: Keil
                http://www.keil.com/pack/Keil.LPC1100_DFP.1.4.0.pack
                Keil::Device:Startup:1.0.0
                NXP LPC1100 Series Device Support
   * Component: Startup Version: 1.0.0

<h2>Collection of Component include folders:</h2>
  C:\Users\lenovo\Desktop\Œ∫·À+Í√ˆŒ≤©\RTE
  D:\weikong\ARM\CMSIS\4.5.0\CMSIS\Include
  D:\weikong\Keil\LPC1100_DFP\1.4.0\Device\Include\LPC11xx

<h2>Collection of Component Files used:</h2>

   * Component: ARM::CMSIS:CORE:4.3.0

   * Component: Keil::Device:Startup:1.0.0
      Source file:   Device\Source\system_LPC11xx.c
      Source file:   Device\Source\ARM\startup_LPC11xx.s
Build Time Elapsed:  00:00:10
</pre>
</body>
</html>
